// Jest Snapshot v1, https://goo.gl/fbAQLP

exports[`<Footer /> renders component 1`] = `
<div>
  <footer
    class="sc-AxhCb eHbJsx footer"
  >
    <span
      class="sc-AxiKw SuLVG todo-count"
    >
      <span>
        No items left
      </span>
    </span>
    <ul
      class="sc-AxirZ kyHkSH filters"
    >
      <li>
        <a
          class="selected"
          href="/"
        >
          All
        </a>
      </li>
      <li>
        <a
          class=""
          href="/active"
        >
          Active
        </a>
      </li>
      <li>
        <a
          class=""
          href="/completed"
        >
          Completed
        </a>
      </li>
    </ul>
    <button
      class="sc-AxjAm buIURx"
      id="clear-completed"
    >
      Clear completed
    </button>
  </footer>
</div>
`;
