// Jest Snapshot v1, https://goo.gl/fbAQLP

exports[`<Header /> renders component 1`] = `
<div>
  <header
    class="header"
  >
    <h1
      class="sc-AxhCb cAybVG"
    >
      todos
    </h1>
    <input
      class="sc-AxiKw sc-AxhUy eBYmDK new-todo"
      placeholder="What needs to be done?"
      type="text"
      value=""
    />
  </header>
</div>
`;
